// Jest Snapshot v1, https://goo.gl/fbAQLP

exports[`renders correctly 1`] = `
<View
  className="sc-dlfnuX kGQTrV"
  color="#FF9CEE"
  height={60}
/>
`;
